/home/iskolarl/nodevenv/app.server/18/lib/node_modules/sequelize/lib/dialects/mysql/connection-manager.js:102
          throw new SequelizeErrors.ConnectionError(err);
                ^

ConnectionError [SequelizeConnectionError]: Access denied for user 'iskolarl_iskolarlink'@'173.252.167.140' to database 'iskolarl_iskolarlink'
    at ConnectionManager.connect (/home/iskolarl/nodevenv/app.server/18/lib/node_modules/sequelize/lib/dialects/mysql/connection-manager.js:102:17)
    at process.processTicksAndRejections (node:internal/process/task_queues:95:5)
    at async ConnectionManager._connect (/home/iskolarl/nodevenv/app.server/18/lib/node_modules/sequelize/lib/dialects/abstract/connection-manager.js:222:24)
    at async /home/iskolarl/nodevenv/app.server/18/lib/node_modules/sequelize/lib/dialects/abstract/connection-manager.js:174:32
    at async ConnectionManager.getConnection (/home/iskolarl/nodevenv/app.server/18/lib/node_modules/sequelize/lib/dialects/abstract/connection-manager.js:197:7)
    at async /home/iskolarl/nodevenv/app.server/18/lib/node_modules/sequelize/lib/sequelize.js:305:26
    at async MySQLQueryInterface.tableExists (/home/iskolarl/nodevenv/app.server/18/lib/node_modules/sequelize/lib/dialects/abstract/query-interface.js:102:17)
    at async Advisers.sync (/home/iskolarl/nodevenv/app.server/18/lib/node_modules/sequelize/lib/model.js:939:21)
    at async Sequelize.sync (/home/iskolarl/nodevenv/app.server/18/lib/node_modules/sequelize/lib/sequelize.js:377:9) {
  parent: Error: Access denied for user 'iskolarl_iskolarlink'@'173.252.167.140' to database 'iskolarl_iskolarlink'
      at Packet.asError (/home/iskolarl/nodevenv/app.server/18/lib/node_modules/mysql2/lib/packets/packet.js:728:17)
      at ClientHandshake.execute (/home/iskolarl/nodevenv/app.server/18/lib/node_modules/mysql2/lib/commands/command.js:29:26)
      at Connection.handlePacket (/home/iskolarl/nodevenv/app.server/18/lib/node_modules/mysql2/lib/connection.js:478:34)
      at PacketParser.onPacket (/home/iskolarl/nodevenv/app.server/18/lib/node_modules/mysql2/lib/connection.js:97:12)
      at PacketParser.executeStart (/home/iskolarl/nodevenv/app.server/18/lib/node_modules/mysql2/lib/packet_parser.js:75:16)
      at Socket.<anonymous> (/home/iskolarl/nodevenv/app.server/18/lib/node_modules/mysql2/lib/connection.js:104:25)
      at Socket.emit (node:events:517:28)
      at addChunk (node:internal/streams/readable:335:12)
      at readableAddChunk (node:internal/streams/readable:308:9)
      at Readable.push (node:internal/streams/readable:245:10) {
    code: 'ER_DBACCESS_DENIED_ERROR',
    errno: 1044,
    sqlState: '42000',
    sqlMessage: "Access denied for user 'iskolarl_iskolarlink'@'173.252.167.140' to database 'iskolarl_iskolarlink'",
    sql: undefined
  },
  original: Error: Access denied for user 'iskolarl_iskolarlink'@'173.252.167.140' to database 'iskolarl_iskolarlink'
      at Packet.asError (/home/iskolarl/nodevenv/app.server/18/lib/node_modules/mysql2/lib/packets/packet.js:728:17)
      at ClientHandshake.execute (/home/iskolarl/nodevenv/app.server/18/lib/node_modules/mysql2/lib/commands/command.js:29:26)
      at Connection.handlePacket (/home/iskolarl/nodevenv/app.server/18/lib/node_modules/mysql2/lib/connection.js:478:34)
      at PacketParser.onPacket (/home/iskolarl/nodevenv/app.server/18/lib/node_modules/mysql2/lib/connection.js:97:12)
      at PacketParser.executeStart (/home/iskolarl/nodevenv/app.server/18/lib/node_modules/mysql2/lib/packet_parser.js:75:16)
      at Socket.<anonymous> (/home/iskolarl/nodevenv/app.server/18/lib/node_modules/mysql2/lib/connection.js:104:25)
      at Socket.emit (node:events:517:28)
      at addChunk (node:internal/streams/readable:335:12)
      at readableAddChunk (node:internal/streams/readable:308:9)
      at Readable.push (node:internal/streams/readable:245:10) {
    code: 'ER_DBACCESS_DENIED_ERROR',
    errno: 1044,
    sqlState: '42000',
    sqlMessage: "Access denied for user 'iskolarl_iskolarlink'@'173.252.167.140' to database 'iskolarl_iskolarlink'",
    sql: undefined
  }
}

Node.js v18.18.2
/home/iskolarl/nodevenv/app.server/18/lib/node_modules/sequelize/lib/dialects/mysql/connection-manager.js:102
          throw new SequelizeErrors.ConnectionError(err);
                ^

ConnectionError [SequelizeConnectionError]: Access denied for user 'iskolarl_iskolarlink'@'173.252.167.140' to database 'iskolarl_iskolarlink'
    at ConnectionManager.connect (/home/iskolarl/nodevenv/app.server/18/lib/node_modules/sequelize/lib/dialects/mysql/connection-manager.js:102:17)
    at process.processTicksAndRejections (node:internal/process/task_queues:95:5)
    at async ConnectionManager._connect (/home/iskolarl/nodevenv/app.server/18/lib/node_modules/sequelize/lib/dialects/abstract/connection-manager.js:222:24)
    at async /home/iskolarl/nodevenv/app.server/18/lib/node_modules/sequelize/lib/dialects/abstract/connection-manager.js:174:32
    at async ConnectionManager.getConnection (/home/iskolarl/nodevenv/app.server/18/lib/node_modules/sequelize/lib/dialects/abstract/connection-manager.js:197:7)
    at async /home/iskolarl/nodevenv/app.server/18/lib/node_modules/sequelize/lib/sequelize.js:305:26
    at async MySQLQueryInterface.tableExists (/home/iskolarl/nodevenv/app.server/18/lib/node_modules/sequelize/lib/dialects/abstract/query-interface.js:102:17)
    at async Advisers.sync (/home/iskolarl/nodevenv/app.server/18/lib/node_modules/sequelize/lib/model.js:939:21)
    at async Sequelize.sync (/home/iskolarl/nodevenv/app.server/18/lib/node_modules/sequelize/lib/sequelize.js:377:9) {
  parent: Error: Access denied for user 'iskolarl_iskolarlink'@'173.252.167.140' to database 'iskolarl_iskolarlink'
      at Packet.asError (/home/iskolarl/nodevenv/app.server/18/lib/node_modules/mysql2/lib/packets/packet.js:728:17)
      at ClientHandshake.execute (/home/iskolarl/nodevenv/app.server/18/lib/node_modules/mysql2/lib/commands/command.js:29:26)
      at Connection.handlePacket (/home/iskolarl/nodevenv/app.server/18/lib/node_modules/mysql2/lib/connection.js:478:34)
      at PacketParser.onPacket (/home/iskolarl/nodevenv/app.server/18/lib/node_modules/mysql2/lib/connection.js:97:12)
      at PacketParser.executeStart (/home/iskolarl/nodevenv/app.server/18/lib/node_modules/mysql2/lib/packet_parser.js:75:16)
      at Socket.<anonymous> (/home/iskolarl/nodevenv/app.server/18/lib/node_modules/mysql2/lib/connection.js:104:25)
      at Socket.emit (node:events:517:28)
      at addChunk (node:internal/streams/readable:335:12)
      at readableAddChunk (node:internal/streams/readable:308:9)
      at Readable.push (node:internal/streams/readable:245:10) {
    code: 'ER_DBACCESS_DENIED_ERROR',
    errno: 1044,
    sqlState: '42000',
    sqlMessage: "Access denied for user 'iskolarl_iskolarlink'@'173.252.167.140' to database 'iskolarl_iskolarlink'",
    sql: undefined
  },
  original: Error: Access denied for user 'iskolarl_iskolarlink'@'173.252.167.140' to database 'iskolarl_iskolarlink'
      at Packet.asError (/home/iskolarl/nodevenv/app.server/18/lib/node_modules/mysql2/lib/packets/packet.js:728:17)
      at ClientHandshake.execute (/home/iskolarl/nodevenv/app.server/18/lib/node_modules/mysql2/lib/commands/command.js:29:26)
      at Connection.handlePacket (/home/iskolarl/nodevenv/app.server/18/lib/node_modules/mysql2/lib/connection.js:478:34)
      at PacketParser.onPacket (/home/iskolarl/nodevenv/app.server/18/lib/node_modules/mysql2/lib/connection.js:97:12)
      at PacketParser.executeStart (/home/iskolarl/nodevenv/app.server/18/lib/node_modules/mysql2/lib/packet_parser.js:75:16)
      at Socket.<anonymous> (/home/iskolarl/nodevenv/app.server/18/lib/node_modules/mysql2/lib/connection.js:104:25)
      at Socket.emit (node:events:517:28)
      at addChunk (node:internal/streams/readable:335:12)
      at readableAddChunk (node:internal/streams/readable:308:9)
      at Readable.push (node:internal/streams/readable:245:10) {
    code: 'ER_DBACCESS_DENIED_ERROR',
    errno: 1044,
    sqlState: '42000',
    sqlMessage: "Access denied for user 'iskolarl_iskolarlink'@'173.252.167.140' to database 'iskolarl_iskolarlink'",
    sql: undefined
  }
}

Node.js v18.18.2
/home/iskolarl/nodevenv/app.server/18/lib/node_modules/sequelize/lib/dialects/mysql/connection-manager.js:102
          throw new SequelizeErrors.ConnectionError(err);
                ^

ConnectionError [SequelizeConnectionError]: Access denied for user 'iskolarl_iskolarlink'@'173.252.167.140' to database 'iskolarl_iskolarlink'
    at ConnectionManager.connect (/home/iskolarl/nodevenv/app.server/18/lib/node_modules/sequelize/lib/dialects/mysql/connection-manager.js:102:17)
    at process.processTicksAndRejections (node:internal/process/task_queues:95:5)
    at async ConnectionManager._connect (/home/iskolarl/nodevenv/app.server/18/lib/node_modules/sequelize/lib/dialects/abstract/connection-manager.js:222:24)
    at async /home/iskolarl/nodevenv/app.server/18/lib/node_modules/sequelize/lib/dialects/abstract/connection-manager.js:174:32
    at async ConnectionManager.getConnection (/home/iskolarl/nodevenv/app.server/18/lib/node_modules/sequelize/lib/dialects/abstract/connection-manager.js:197:7)
    at async /home/iskolarl/nodevenv/app.server/18/lib/node_modules/sequelize/lib/sequelize.js:305:26
    at async MySQLQueryInterface.tableExists (/home/iskolarl/nodevenv/app.server/18/lib/node_modules/sequelize/lib/dialects/abstract/query-interface.js:102:17)
    at async Advisers.sync (/home/iskolarl/nodevenv/app.server/18/lib/node_modules/sequelize/lib/model.js:939:21)
    at async Sequelize.sync (/home/iskolarl/nodevenv/app.server/18/lib/node_modules/sequelize/lib/sequelize.js:377:9) {
  parent: Error: Access denied for user 'iskolarl_iskolarlink'@'173.252.167.140' to database 'iskolarl_iskolarlink'
      at Packet.asError (/home/iskolarl/nodevenv/app.server/18/lib/node_modules/mysql2/lib/packets/packet.js:728:17)
      at ClientHandshake.execute (/home/iskolarl/nodevenv/app.server/18/lib/node_modules/mysql2/lib/commands/command.js:29:26)
      at Connection.handlePacket (/home/iskolarl/nodevenv/app.server/18/lib/node_modules/mysql2/lib/connection.js:478:34)
      at PacketParser.onPacket (/home/iskolarl/nodevenv/app.server/18/lib/node_modules/mysql2/lib/connection.js:97:12)
      at PacketParser.executeStart (/home/iskolarl/nodevenv/app.server/18/lib/node_modules/mysql2/lib/packet_parser.js:75:16)
      at Socket.<anonymous> (/home/iskolarl/nodevenv/app.server/18/lib/node_modules/mysql2/lib/connection.js:104:25)
      at Socket.emit (node:events:517:28)
      at addChunk (node:internal/streams/readable:335:12)
      at readableAddChunk (node:internal/streams/readable:308:9)
      at Readable.push (node:internal/streams/readable:245:10) {
    code: 'ER_DBACCESS_DENIED_ERROR',
    errno: 1044,
    sqlState: '42000',
    sqlMessage: "Access denied for user 'iskolarl_iskolarlink'@'173.252.167.140' to database 'iskolarl_iskolarlink'",
    sql: undefined
  },
  original: Error: Access denied for user 'iskolarl_iskolarlink'@'173.252.167.140' to database 'iskolarl_iskolarlink'
      at Packet.asError (/home/iskolarl/nodevenv/app.server/18/lib/node_modules/mysql2/lib/packets/packet.js:728:17)
      at ClientHandshake.execute (/home/iskolarl/nodevenv/app.server/18/lib/node_modules/mysql2/lib/commands/command.js:29:26)
      at Connection.handlePacket (/home/iskolarl/nodevenv/app.server/18/lib/node_modules/mysql2/lib/connection.js:478:34)
      at PacketParser.onPacket (/home/iskolarl/nodevenv/app.server/18/lib/node_modules/mysql2/lib/connection.js:97:12)
      at PacketParser.executeStart (/home/iskolarl/nodevenv/app.server/18/lib/node_modules/mysql2/lib/packet_parser.js:75:16)
      at Socket.<anonymous> (/home/iskolarl/nodevenv/app.server/18/lib/node_modules/mysql2/lib/connection.js:104:25)
      at Socket.emit (node:events:517:28)
      at addChunk (node:internal/streams/readable:335:12)
      at readableAddChunk (node:internal/streams/readable:308:9)
      at Readable.push (node:internal/streams/readable:245:10) {
    code: 'ER_DBACCESS_DENIED_ERROR',
    errno: 1044,
    sqlState: '42000',
    sqlMessage: "Access denied for user 'iskolarl_iskolarlink'@'173.252.167.140' to database 'iskolarl_iskolarlink'",
    sql: undefined
  }
}

Node.js v18.18.2
/home/iskolarl/nodevenv/app.server/18/lib/node_modules/sequelize/lib/dialects/mysql/connection-manager.js:102
          throw new SequelizeErrors.ConnectionError(err);
                ^

ConnectionError [SequelizeConnectionError]: Access denied for user 'iskolarl_iskolarlink'@'173.252.167.140' to database 'iskolarl_iskolarlink'
    at ConnectionManager.connect (/home/iskolarl/nodevenv/app.server/18/lib/node_modules/sequelize/lib/dialects/mysql/connection-manager.js:102:17)
    at process.processTicksAndRejections (node:internal/process/task_queues:95:5)
    at async ConnectionManager._connect (/home/iskolarl/nodevenv/app.server/18/lib/node_modules/sequelize/lib/dialects/abstract/connection-manager.js:222:24)
    at async /home/iskolarl/nodevenv/app.server/18/lib/node_modules/sequelize/lib/dialects/abstract/connection-manager.js:174:32
    at async ConnectionManager.getConnection (/home/iskolarl/nodevenv/app.server/18/lib/node_modules/sequelize/lib/dialects/abstract/connection-manager.js:197:7)
    at async /home/iskolarl/nodevenv/app.server/18/lib/node_modules/sequelize/lib/sequelize.js:305:26
    at async MySQLQueryInterface.tableExists (/home/iskolarl/nodevenv/app.server/18/lib/node_modules/sequelize/lib/dialects/abstract/query-interface.js:102:17)
    at async Advisers.sync (/home/iskolarl/nodevenv/app.server/18/lib/node_modules/sequelize/lib/model.js:939:21)
    at async Sequelize.sync (/home/iskolarl/nodevenv/app.server/18/lib/node_modules/sequelize/lib/sequelize.js:377:9) {
  parent: Error: Access denied for user 'iskolarl_iskolarlink'@'173.252.167.140' to database 'iskolarl_iskolarlink'
      at Packet.asError (/home/iskolarl/nodevenv/app.server/18/lib/node_modules/mysql2/lib/packets/packet.js:728:17)
      at ClientHandshake.execute (/home/iskolarl/nodevenv/app.server/18/lib/node_modules/mysql2/lib/commands/command.js:29:26)
      at Connection.handlePacket (/home/iskolarl/nodevenv/app.server/18/lib/node_modules/mysql2/lib/connection.js:478:34)
      at PacketParser.onPacket (/home/iskolarl/nodevenv/app.server/18/lib/node_modules/mysql2/lib/connection.js:97:12)
      at PacketParser.executeStart (/home/iskolarl/nodevenv/app.server/18/lib/node_modules/mysql2/lib/packet_parser.js:75:16)
      at Socket.<anonymous> (/home/iskolarl/nodevenv/app.server/18/lib/node_modules/mysql2/lib/connection.js:104:25)
      at Socket.emit (node:events:517:28)
      at addChunk (node:internal/streams/readable:335:12)
      at readableAddChunk (node:internal/streams/readable:308:9)
      at Readable.push (node:internal/streams/readable:245:10) {
    code: 'ER_DBACCESS_DENIED_ERROR',
    errno: 1044,
    sqlState: '42000',
    sqlMessage: "Access denied for user 'iskolarl_iskolarlink'@'173.252.167.140' to database 'iskolarl_iskolarlink'",
    sql: undefined
  },
  original: Error: Access denied for user 'iskolarl_iskolarlink'@'173.252.167.140' to database 'iskolarl_iskolarlink'
      at Packet.asError (/home/iskolarl/nodevenv/app.server/18/lib/node_modules/mysql2/lib/packets/packet.js:728:17)
      at ClientHandshake.execute (/home/iskolarl/nodevenv/app.server/18/lib/node_modules/mysql2/lib/commands/command.js:29:26)
      at Connection.handlePacket (/home/iskolarl/nodevenv/app.server/18/lib/node_modules/mysql2/lib/connection.js:478:34)
      at PacketParser.onPacket (/home/iskolarl/nodevenv/app.server/18/lib/node_modules/mysql2/lib/connection.js:97:12)
      at PacketParser.executeStart (/home/iskolarl/nodevenv/app.server/18/lib/node_modules/mysql2/lib/packet_parser.js:75:16)
      at Socket.<anonymous> (/home/iskolarl/nodevenv/app.server/18/lib/node_modules/mysql2/lib/connection.js:104:25)
      at Socket.emit (node:events:517:28)
      at addChunk (node:internal/streams/readable:335:12)
      at readableAddChunk (node:internal/streams/readable:308:9)
      at Readable.push (node:internal/streams/readable:245:10) {
    code: 'ER_DBACCESS_DENIED_ERROR',
    errno: 1044,
    sqlState: '42000',
    sqlMessage: "Access denied for user 'iskolarl_iskolarlink'@'173.252.167.140' to database 'iskolarl_iskolarlink'",
    sql: undefined
  }
}

Node.js v18.18.2
/home/iskolarl/nodevenv/app.server/18/lib/node_modules/sequelize/lib/dialects/mysql/connection-manager.js:102
          throw new SequelizeErrors.ConnectionError(err);
                ^

ConnectionError [SequelizeConnectionError]: Access denied for user 'iskolarl_iskolarlink'@'173.252.167.140' to database 'iskolarl_iskolarlink'
    at ConnectionManager.connect (/home/iskolarl/nodevenv/app.server/18/lib/node_modules/sequelize/lib/dialects/mysql/connection-manager.js:102:17)
    at process.processTicksAndRejections (node:internal/process/task_queues:95:5)
    at async ConnectionManager._connect (/home/iskolarl/nodevenv/app.server/18/lib/node_modules/sequelize/lib/dialects/abstract/connection-manager.js:222:24)
    at async /home/iskolarl/nodevenv/app.server/18/lib/node_modules/sequelize/lib/dialects/abstract/connection-manager.js:174:32
    at async ConnectionManager.getConnection (/home/iskolarl/nodevenv/app.server/18/lib/node_modules/sequelize/lib/dialects/abstract/connection-manager.js:197:7)
    at async /home/iskolarl/nodevenv/app.server/18/lib/node_modules/sequelize/lib/sequelize.js:305:26
    at async MySQLQueryInterface.tableExists (/home/iskolarl/nodevenv/app.server/18/lib/node_modules/sequelize/lib/dialects/abstract/query-interface.js:102:17)
    at async Advisers.sync (/home/iskolarl/nodevenv/app.server/18/lib/node_modules/sequelize/lib/model.js:939:21)
    at async Sequelize.sync (/home/iskolarl/nodevenv/app.server/18/lib/node_modules/sequelize/lib/sequelize.js:377:9) {
  parent: Error: Access denied for user 'iskolarl_iskolarlink'@'173.252.167.140' to database 'iskolarl_iskolarlink'
      at Packet.asError (/home/iskolarl/nodevenv/app.server/18/lib/node_modules/mysql2/lib/packets/packet.js:728:17)
      at ClientHandshake.execute (/home/iskolarl/nodevenv/app.server/18/lib/node_modules/mysql2/lib/commands/command.js:29:26)
      at Connection.handlePacket (/home/iskolarl/nodevenv/app.server/18/lib/node_modules/mysql2/lib/connection.js:478:34)
      at PacketParser.onPacket (/home/iskolarl/nodevenv/app.server/18/lib/node_modules/mysql2/lib/connection.js:97:12)
      at PacketParser.executeStart (/home/iskolarl/nodevenv/app.server/18/lib/node_modules/mysql2/lib/packet_parser.js:75:16)
      at Socket.<anonymous> (/home/iskolarl/nodevenv/app.server/18/lib/node_modules/mysql2/lib/connection.js:104:25)
      at Socket.emit (node:events:517:28)
      at addChunk (node:internal/streams/readable:335:12)
      at readableAddChunk (node:internal/streams/readable:308:9)
      at Readable.push (node:internal/streams/readable:245:10) {
    code: 'ER_DBACCESS_DENIED_ERROR',
    errno: 1044,
    sqlState: '42000',
    sqlMessage: "Access denied for user 'iskolarl_iskolarlink'@'173.252.167.140' to database 'iskolarl_iskolarlink'",
    sql: undefined
  },
  original: Error: Access denied for user 'iskolarl_iskolarlink'@'173.252.167.140' to database 'iskolarl_iskolarlink'
      at Packet.asError (/home/iskolarl/nodevenv/app.server/18/lib/node_modules/mysql2/lib/packets/packet.js:728:17)
      at ClientHandshake.execute (/home/iskolarl/nodevenv/app.server/18/lib/node_modules/mysql2/lib/commands/command.js:29:26)
      at Connection.handlePacket (/home/iskolarl/nodevenv/app.server/18/lib/node_modules/mysql2/lib/connection.js:478:34)
      at PacketParser.onPacket (/home/iskolarl/nodevenv/app.server/18/lib/node_modules/mysql2/lib/connection.js:97:12)
      at PacketParser.executeStart (/home/iskolarl/nodevenv/app.server/18/lib/node_modules/mysql2/lib/packet_parser.js:75:16)
      at Socket.<anonymous> (/home/iskolarl/nodevenv/app.server/18/lib/node_modules/mysql2/lib/connection.js:104:25)
      at Socket.emit (node:events:517:28)
      at addChunk (node:internal/streams/readable:335:12)
      at readableAddChunk (node:internal/streams/readable:308:9)
      at Readable.push (node:internal/streams/readable:245:10) {
    code: 'ER_DBACCESS_DENIED_ERROR',
    errno: 1044,
    sqlState: '42000',
    sqlMessage: "Access denied for user 'iskolarl_iskolarlink'@'173.252.167.140' to database 'iskolarl_iskolarlink'",
    sql: undefined
  }
}

Node.js v18.18.2
/home/iskolarl/nodevenv/app.server/18/lib/node_modules/sequelize/lib/dialects/mysql/connection-manager.js:102
          throw new SequelizeErrors.ConnectionError(err);
                ^

ConnectionError [SequelizeConnectionError]: Access denied for user 'iskolarl_iskolarlink'@'173.252.167.140' to database 'iskolarl_iskolarlink'
    at ConnectionManager.connect (/home/iskolarl/nodevenv/app.server/18/lib/node_modules/sequelize/lib/dialects/mysql/connection-manager.js:102:17)
    at process.processTicksAndRejections (node:internal/process/task_queues:95:5)
    at async ConnectionManager._connect (/home/iskolarl/nodevenv/app.server/18/lib/node_modules/sequelize/lib/dialects/abstract/connection-manager.js:222:24)
    at async /home/iskolarl/nodevenv/app.server/18/lib/node_modules/sequelize/lib/dialects/abstract/connection-manager.js:174:32
    at async ConnectionManager.getConnection (/home/iskolarl/nodevenv/app.server/18/lib/node_modules/sequelize/lib/dialects/abstract/connection-manager.js:197:7)
    at async /home/iskolarl/nodevenv/app.server/18/lib/node_modules/sequelize/lib/sequelize.js:305:26
    at async MySQLQueryInterface.tableExists (/home/iskolarl/nodevenv/app.server/18/lib/node_modules/sequelize/lib/dialects/abstract/query-interface.js:102:17)
    at async Advisers.sync (/home/iskolarl/nodevenv/app.server/18/lib/node_modules/sequelize/lib/model.js:939:21)
    at async Sequelize.sync (/home/iskolarl/nodevenv/app.server/18/lib/node_modules/sequelize/lib/sequelize.js:377:9) {
  parent: Error: Access denied for user 'iskolarl_iskolarlink'@'173.252.167.140' to database 'iskolarl_iskolarlink'
      at Packet.asError (/home/iskolarl/nodevenv/app.server/18/lib/node_modules/mysql2/lib/packets/packet.js:728:17)
      at ClientHandshake.execute (/home/iskolarl/nodevenv/app.server/18/lib/node_modules/mysql2/lib/commands/command.js:29:26)
      at Connection.handlePacket (/home/iskolarl/nodevenv/app.server/18/lib/node_modules/mysql2/lib/connection.js:478:34)
      at PacketParser.onPacket (/home/iskolarl/nodevenv/app.server/18/lib/node_modules/mysql2/lib/connection.js:97:12)
      at PacketParser.executeStart (/home/iskolarl/nodevenv/app.server/18/lib/node_modules/mysql2/lib/packet_parser.js:75:16)
      at Socket.<anonymous> (/home/iskolarl/nodevenv/app.server/18/lib/node_modules/mysql2/lib/connection.js:104:25)
      at Socket.emit (node:events:517:28)
      at addChunk (node:internal/streams/readable:335:12)
      at readableAddChunk (node:internal/streams/readable:308:9)
      at Readable.push (node:internal/streams/readable:245:10) {
    code: 'ER_DBACCESS_DENIED_ERROR',
    errno: 1044,
    sqlState: '42000',
    sqlMessage: "Access denied for user 'iskolarl_iskolarlink'@'173.252.167.140' to database 'iskolarl_iskolarlink'",
    sql: undefined
  },
  original: Error: Access denied for user 'iskolarl_iskolarlink'@'173.252.167.140' to database 'iskolarl_iskolarlink'
      at Packet.asError (/home/iskolarl/nodevenv/app.server/18/lib/node_modules/mysql2/lib/packets/packet.js:728:17)
      at ClientHandshake.execute (/home/iskolarl/nodevenv/app.server/18/lib/node_modules/mysql2/lib/commands/command.js:29:26)
      at Connection.handlePacket (/home/iskolarl/nodevenv/app.server/18/lib/node_modules/mysql2/lib/connection.js:478:34)
      at PacketParser.onPacket (/home/iskolarl/nodevenv/app.server/18/lib/node_modules/mysql2/lib/connection.js:97:12)
      at PacketParser.executeStart (/home/iskolarl/nodevenv/app.server/18/lib/node_modules/mysql2/lib/packet_parser.js:75:16)
      at Socket.<anonymous> (/home/iskolarl/nodevenv/app.server/18/lib/node_modules/mysql2/lib/connection.js:104:25)
      at Socket.emit (node:events:517:28)
      at addChunk (node:internal/streams/readable:335:12)
      at readableAddChunk (node:internal/streams/readable:308:9)
      at Readable.push (node:internal/streams/readable:245:10) {
    code: 'ER_DBACCESS_DENIED_ERROR',
    errno: 1044,
    sqlState: '42000',
    sqlMessage: "Access denied for user 'iskolarl_iskolarlink'@'173.252.167.140' to database 'iskolarl_iskolarlink'",
    sql: undefined
  }
}

Node.js v18.18.2
/home/iskolarl/nodevenv/app.server/18/lib/node_modules/sequelize/lib/dialects/mysql/connection-manager.js:102
          throw new SequelizeErrors.ConnectionError(err);
                ^

ConnectionError [SequelizeConnectionError]: Access denied for user 'iskolarl_iskolarlink'@'173.252.167.140' to database 'iskolarl_iskolarlink'
    at ConnectionManager.connect (/home/iskolarl/nodevenv/app.server/18/lib/node_modules/sequelize/lib/dialects/mysql/connection-manager.js:102:17)
    at process.processTicksAndRejections (node:internal/process/task_queues:95:5)
    at async ConnectionManager._connect (/home/iskolarl/nodevenv/app.server/18/lib/node_modules/sequelize/lib/dialects/abstract/connection-manager.js:222:24)
    at async /home/iskolarl/nodevenv/app.server/18/lib/node_modules/sequelize/lib/dialects/abstract/connection-manager.js:174:32
    at async ConnectionManager.getConnection (/home/iskolarl/nodevenv/app.server/18/lib/node_modules/sequelize/lib/dialects/abstract/connection-manager.js:197:7)
    at async /home/iskolarl/nodevenv/app.server/18/lib/node_modules/sequelize/lib/sequelize.js:305:26
    at async MySQLQueryInterface.tableExists (/home/iskolarl/nodevenv/app.server/18/lib/node_modules/sequelize/lib/dialects/abstract/query-interface.js:102:17)
    at async Advisers.sync (/home/iskolarl/nodevenv/app.server/18/lib/node_modules/sequelize/lib/model.js:939:21)
    at async Sequelize.sync (/home/iskolarl/nodevenv/app.server/18/lib/node_modules/sequelize/lib/sequelize.js:377:9) {
  parent: Error: Access denied for user 'iskolarl_iskolarlink'@'173.252.167.140' to database 'iskolarl_iskolarlink'
      at Packet.asError (/home/iskolarl/nodevenv/app.server/18/lib/node_modules/mysql2/lib/packets/packet.js:728:17)
      at ClientHandshake.execute (/home/iskolarl/nodevenv/app.server/18/lib/node_modules/mysql2/lib/commands/command.js:29:26)
      at Connection.handlePacket (/home/iskolarl/nodevenv/app.server/18/lib/node_modules/mysql2/lib/connection.js:478:34)
      at PacketParser.onPacket (/home/iskolarl/nodevenv/app.server/18/lib/node_modules/mysql2/lib/connection.js:97:12)
      at PacketParser.executeStart (/home/iskolarl/nodevenv/app.server/18/lib/node_modules/mysql2/lib/packet_parser.js:75:16)
      at Socket.<anonymous> (/home/iskolarl/nodevenv/app.server/18/lib/node_modules/mysql2/lib/connection.js:104:25)
      at Socket.emit (node:events:517:28)
      at addChunk (node:internal/streams/readable:335:12)
      at readableAddChunk (node:internal/streams/readable:308:9)
      at Readable.push (node:internal/streams/readable:245:10) {
    code: 'ER_DBACCESS_DENIED_ERROR',
    errno: 1044,
    sqlState: '42000',
    sqlMessage: "Access denied for user 'iskolarl_iskolarlink'@'173.252.167.140' to database 'iskolarl_iskolarlink'",
    sql: undefined
  },
  original: Error: Access denied for user 'iskolarl_iskolarlink'@'173.252.167.140' to database 'iskolarl_iskolarlink'
      at Packet.asError (/home/iskolarl/nodevenv/app.server/18/lib/node_modules/mysql2/lib/packets/packet.js:728:17)
      at ClientHandshake.execute (/home/iskolarl/nodevenv/app.server/18/lib/node_modules/mysql2/lib/commands/command.js:29:26)
      at Connection.handlePacket (/home/iskolarl/nodevenv/app.server/18/lib/node_modules/mysql2/lib/connection.js:478:34)
      at PacketParser.onPacket (/home/iskolarl/nodevenv/app.server/18/lib/node_modules/mysql2/lib/connection.js:97:12)
      at PacketParser.executeStart (/home/iskolarl/nodevenv/app.server/18/lib/node_modules/mysql2/lib/packet_parser.js:75:16)
      at Socket.<anonymous> (/home/iskolarl/nodevenv/app.server/18/lib/node_modules/mysql2/lib/connection.js:104:25)
      at Socket.emit (node:events:517:28)
      at addChunk (node:internal/streams/readable:335:12)
      at readableAddChunk (node:internal/streams/readable:308:9)
      at Readable.push (node:internal/streams/readable:245:10) {
    code: 'ER_DBACCESS_DENIED_ERROR',
    errno: 1044,
    sqlState: '42000',
    sqlMessage: "Access denied for user 'iskolarl_iskolarlink'@'173.252.167.140' to database 'iskolarl_iskolarlink'",
    sql: undefined
  }
}

Node.js v18.18.2
/home/iskolarl/nodevenv/app.server/18/lib/node_modules/sequelize/lib/dialects/mysql/connection-manager.js:102
          throw new SequelizeErrors.ConnectionError(err);
                ^

ConnectionError [SequelizeConnectionError]: Access denied for user 'iskolarl_iskolarlink'@'173.252.167.140' to database 'iskolarl_iskolarlink'
    at ConnectionManager.connect (/home/iskolarl/nodevenv/app.server/18/lib/node_modules/sequelize/lib/dialects/mysql/connection-manager.js:102:17)
    at process.processTicksAndRejections (node:internal/process/task_queues:95:5)
    at async ConnectionManager._connect (/home/iskolarl/nodevenv/app.server/18/lib/node_modules/sequelize/lib/dialects/abstract/connection-manager.js:222:24)
    at async /home/iskolarl/nodevenv/app.server/18/lib/node_modules/sequelize/lib/dialects/abstract/connection-manager.js:174:32
    at async ConnectionManager.getConnection (/home/iskolarl/nodevenv/app.server/18/lib/node_modules/sequelize/lib/dialects/abstract/connection-manager.js:197:7)
    at async /home/iskolarl/nodevenv/app.server/18/lib/node_modules/sequelize/lib/sequelize.js:305:26
    at async MySQLQueryInterface.tableExists (/home/iskolarl/nodevenv/app.server/18/lib/node_modules/sequelize/lib/dialects/abstract/query-interface.js:102:17)
    at async Advisers.sync (/home/iskolarl/nodevenv/app.server/18/lib/node_modules/sequelize/lib/model.js:939:21)
    at async Sequelize.sync (/home/iskolarl/nodevenv/app.server/18/lib/node_modules/sequelize/lib/sequelize.js:377:9) {
  parent: Error: Access denied for user 'iskolarl_iskolarlink'@'173.252.167.140' to database 'iskolarl_iskolarlink'
      at Packet.asError (/home/iskolarl/nodevenv/app.server/18/lib/node_modules/mysql2/lib/packets/packet.js:728:17)
      at ClientHandshake.execute (/home/iskolarl/nodevenv/app.server/18/lib/node_modules/mysql2/lib/commands/command.js:29:26)
      at Connection.handlePacket (/home/iskolarl/nodevenv/app.server/18/lib/node_modules/mysql2/lib/connection.js:478:34)
      at PacketParser.onPacket (/home/iskolarl/nodevenv/app.server/18/lib/node_modules/mysql2/lib/connection.js:97:12)
      at PacketParser.executeStart (/home/iskolarl/nodevenv/app.server/18/lib/node_modules/mysql2/lib/packet_parser.js:75:16)
      at Socket.<anonymous> (/home/iskolarl/nodevenv/app.server/18/lib/node_modules/mysql2/lib/connection.js:104:25)
      at Socket.emit (node:events:517:28)
      at addChunk (node:internal/streams/readable:335:12)
      at readableAddChunk (node:internal/streams/readable:308:9)
      at Readable.push (node:internal/streams/readable:245:10) {
    code: 'ER_DBACCESS_DENIED_ERROR',
    errno: 1044,
    sqlState: '42000',
    sqlMessage: "Access denied for user 'iskolarl_iskolarlink'@'173.252.167.140' to database 'iskolarl_iskolarlink'",
    sql: undefined
  },
  original: Error: Access denied for user 'iskolarl_iskolarlink'@'173.252.167.140' to database 'iskolarl_iskolarlink'
      at Packet.asError (/home/iskolarl/nodevenv/app.server/18/lib/node_modules/mysql2/lib/packets/packet.js:728:17)
      at ClientHandshake.execute (/home/iskolarl/nodevenv/app.server/18/lib/node_modules/mysql2/lib/commands/command.js:29:26)
      at Connection.handlePacket (/home/iskolarl/nodevenv/app.server/18/lib/node_modules/mysql2/lib/connection.js:478:34)
      at PacketParser.onPacket (/home/iskolarl/nodevenv/app.server/18/lib/node_modules/mysql2/lib/connection.js:97:12)
      at PacketParser.executeStart (/home/iskolarl/nodevenv/app.server/18/lib/node_modules/mysql2/lib/packet_parser.js:75:16)
      at Socket.<anonymous> (/home/iskolarl/nodevenv/app.server/18/lib/node_modules/mysql2/lib/connection.js:104:25)
      at Socket.emit (node:events:517:28)
      at addChunk (node:internal/streams/readable:335:12)
      at readableAddChunk (node:internal/streams/readable:308:9)
      at Readable.push (node:internal/streams/readable:245:10) {
    code: 'ER_DBACCESS_DENIED_ERROR',
    errno: 1044,
    sqlState: '42000',
    sqlMessage: "Access denied for user 'iskolarl_iskolarlink'@'173.252.167.140' to database 'iskolarl_iskolarlink'",
    sql: undefined
  }
}

Node.js v18.18.2
/home/iskolarl/nodevenv/app.server/18/lib/node_modules/sequelize/lib/dialects/mysql/connection-manager.js:102
          throw new SequelizeErrors.ConnectionError(err);
                ^

ConnectionError [SequelizeConnectionError]: Access denied for user 'iskolarl_iskolarlink'@'173.252.167.140' to database 'iskolarl_iskolarlink'
    at ConnectionManager.connect (/home/iskolarl/nodevenv/app.server/18/lib/node_modules/sequelize/lib/dialects/mysql/connection-manager.js:102:17)
    at process.processTicksAndRejections (node:internal/process/task_queues:95:5)
    at async ConnectionManager._connect (/home/iskolarl/nodevenv/app.server/18/lib/node_modules/sequelize/lib/dialects/abstract/connection-manager.js:222:24)
    at async /home/iskolarl/nodevenv/app.server/18/lib/node_modules/sequelize/lib/dialects/abstract/connection-manager.js:174:32
    at async ConnectionManager.getConnection (/home/iskolarl/nodevenv/app.server/18/lib/node_modules/sequelize/lib/dialects/abstract/connection-manager.js:197:7)
    at async /home/iskolarl/nodevenv/app.server/18/lib/node_modules/sequelize/lib/sequelize.js:305:26
    at async MySQLQueryInterface.tableExists (/home/iskolarl/nodevenv/app.server/18/lib/node_modules/sequelize/lib/dialects/abstract/query-interface.js:102:17)
    at async Advisers.sync (/home/iskolarl/nodevenv/app.server/18/lib/node_modules/sequelize/lib/model.js:939:21)
    at async Sequelize.sync (/home/iskolarl/nodevenv/app.server/18/lib/node_modules/sequelize/lib/sequelize.js:377:9) {
  parent: Error: Access denied for user 'iskolarl_iskolarlink'@'173.252.167.140' to database 'iskolarl_iskolarlink'
      at Packet.asError (/home/iskolarl/nodevenv/app.server/18/lib/node_modules/mysql2/lib/packets/packet.js:728:17)
      at ClientHandshake.execute (/home/iskolarl/nodevenv/app.server/18/lib/node_modules/mysql2/lib/commands/command.js:29:26)
      at Connection.handlePacket (/home/iskolarl/nodevenv/app.server/18/lib/node_modules/mysql2/lib/connection.js:478:34)
      at PacketParser.onPacket (/home/iskolarl/nodevenv/app.server/18/lib/node_modules/mysql2/lib/connection.js:97:12)
      at PacketParser.executeStart (/home/iskolarl/nodevenv/app.server/18/lib/node_modules/mysql2/lib/packet_parser.js:75:16)
      at Socket.<anonymous> (/home/iskolarl/nodevenv/app.server/18/lib/node_modules/mysql2/lib/connection.js:104:25)
      at Socket.emit (node:events:517:28)
      at addChunk (node:internal/streams/readable:335:12)
      at readableAddChunk (node:internal/streams/readable:308:9)
      at Readable.push (node:internal/streams/readable:245:10) {
    code: 'ER_DBACCESS_DENIED_ERROR',
    errno: 1044,
    sqlState: '42000',
    sqlMessage: "Access denied for user 'iskolarl_iskolarlink'@'173.252.167.140' to database 'iskolarl_iskolarlink'",
    sql: undefined
  },
  original: Error: Access denied for user 'iskolarl_iskolarlink'@'173.252.167.140' to database 'iskolarl_iskolarlink'
      at Packet.asError (/home/iskolarl/nodevenv/app.server/18/lib/node_modules/mysql2/lib/packets/packet.js:728:17)
      at ClientHandshake.execute (/home/iskolarl/nodevenv/app.server/18/lib/node_modules/mysql2/lib/commands/command.js:29:26)
      at Connection.handlePacket (/home/iskolarl/nodevenv/app.server/18/lib/node_modules/mysql2/lib/connection.js:478:34)
      at PacketParser.onPacket (/home/iskolarl/nodevenv/app.server/18/lib/node_modules/mysql2/lib/connection.js:97:12)
      at PacketParser.executeStart (/home/iskolarl/nodevenv/app.server/18/lib/node_modules/mysql2/lib/packet_parser.js:75:16)
      at Socket.<anonymous> (/home/iskolarl/nodevenv/app.server/18/lib/node_modules/mysql2/lib/connection.js:104:25)
      at Socket.emit (node:events:517:28)
      at addChunk (node:internal/streams/readable:335:12)
      at readableAddChunk (node:internal/streams/readable:308:9)
      at Readable.push (node:internal/streams/readable:245:10) {
    code: 'ER_DBACCESS_DENIED_ERROR',
    errno: 1044,
    sqlState: '42000',
    sqlMessage: "Access denied for user 'iskolarl_iskolarlink'@'173.252.167.140' to database 'iskolarl_iskolarlink'",
    sql: undefined
  }
}

Node.js v18.18.2
/home/iskolarl/app.server/routes/LandingPage.js:50
    if(profile.application_period){
               ^

TypeError: Cannot read properties of null (reading 'application_period')
    at /home/iskolarl/app.server/routes/LandingPage.js:50:16
    at process.processTicksAndRejections (node:internal/process/task_queues:95:5)

Node.js v18.18.2
/home/iskolarl/app.server/routes/LandingPage.js:50
    if(profile.application_period){
               ^

TypeError: Cannot read properties of null (reading 'application_period')
    at /home/iskolarl/app.server/routes/LandingPage.js:50:16
    at process.processTicksAndRejections (node:internal/process/task_queues:95:5)

Node.js v18.18.2
/home/iskolarl/app.server/routes/LandingPage.js:50
    if(profile.application_period){
               ^

TypeError: Cannot read properties of null (reading 'application_period')
    at /home/iskolarl/app.server/routes/LandingPage.js:50:16
    at process.processTicksAndRejections (node:internal/process/task_queues:95:5)

Node.js v18.18.2
/home/iskolarl/app.server/routes/LandingPage.js:50
    if(profile.application_period){
               ^

TypeError: Cannot read properties of null (reading 'application_period')
    at /home/iskolarl/app.server/routes/LandingPage.js:50:16
    at process.processTicksAndRejections (node:internal/process/task_queues:95:5)

Node.js v18.18.2
/home/iskolarl/app.server/routes/LandingPage.js:50
    if(profile.application_period){
               ^

TypeError: Cannot read properties of null (reading 'application_period')
    at /home/iskolarl/app.server/routes/LandingPage.js:50:16
    at process.processTicksAndRejections (node:internal/process/task_queues:95:5)

Node.js v18.18.2
/home/iskolarl/app.server/routes/LandingPage.js:50
    if(profile.application_period){
               ^

TypeError: Cannot read properties of null (reading 'application_period')
    at /home/iskolarl/app.server/routes/LandingPage.js:50:16
    at process.processTicksAndRejections (node:internal/process/task_queues:95:5)

Node.js v18.18.2
